// Jest Snapshot v1, https://goo.gl/fbAQLP

exports[`render the Calculator Component 1`] = `
<section
  className="calculator"
>
  <div
    className="my-calc"
  >
    Let's Do Some Math Magic:
  </div>
  <div
    className="calculator-container"
  >
    <div
      className="screen"
    >
      <span
        className="result"
      >
        0
      </span>
    </div>
    <div
      className="buttons"
    >
      <button
        className="normal"
        onClick={[Function]}
        type="button"
      >
        AC
      </button>
      <button
        className="normal"
        onClick={[Function]}
        type="button"
      >
        +/-
      </button>
      <button
        className="normal"
        onClick={[Function]}
        type="button"
      >
        %
      </button>
      <button
        className="normal active"
        onClick={[Function]}
        type="button"
      >
        รท
      </button>
      <button
        className="normal"
        onClick={[Function]}
        type="button"
      >
        7
      </button>
      <button
        className="normal"
        onClick={[Function]}
        type="button"
      >
        8
      </button>
      <button
        className="normal"
        onClick={[Function]}
        type="button"
      >
        9
      </button>
      <button
        className="normal active"
        onClick={[Function]}
        type="button"
      >
        x
      </button>
      <button
        className="normal"
        onClick={[Function]}
        type="button"
      >
        4
      </button>
      <button
        className="normal"
        onClick={[Function]}
        type="button"
      >
        5
      </button>
      <button
        className="normal"
        onClick={[Function]}
        type="button"
      >
        6
      </button>
      <button
        className="normal active"
        onClick={[Function]}
        type="button"
      >
        -
      </button>
      <button
        className="normal"
        onClick={[Function]}
        type="button"
      >
        1
      </button>
      <button
        className="normal"
        onClick={[Function]}
        type="button"
      >
        2
      </button>
      <button
        className="normal"
        onClick={[Function]}
        type="button"
      >
        3
      </button>
      <button
        className="normal active"
        onClick={[Function]}
        type="button"
      >
        +
      </button>
      <button
        className="zero"
        onClick={[Function]}
        type="button"
      >
        0
      </button>
      <button
        className="normal"
        onClick={[Function]}
        type="button"
      >
        .
      </button>
      <button
        className="normal active"
        onClick={[Function]}
        type="button"
      >
        =
      </button>
    </div>
  </div>
</section>
`;
