// Jest Snapshot v1, https://goo.gl/fbAQLP

exports[`render the Calculator Component 1`] = `
<nav>
  <div
    className="nav-title"
  >
    <h1>
      Math-Magicians
    </h1>
  </div>
  <div
    className="links"
  >
    <a
      href="/"
      onClick={[Function]}
    >
      Home
    </a>
    <a
      href="/calculator"
      onClick={[Function]}
    >
      Calculator
    </a>
    <a
      href="/quote"
      onClick={[Function]}
    >
      Quote
    </a>
  </div>
</nav>
`;
