// Jest Snapshot v1, https://goo.gl/fbAQLP

exports[`render the Calculator Component 1`] = `
<section
  className="quote"
>
  <div
    className="container"
  >
    <p
      style={
        Object {
          "fontSize": "25px",
        }
      }
    >
      Mathematics are the result of mysterious powers which no one understands, and which the unconscious recognition of beauty must play an important part. Out of an infinity of designs a mathematician chooses one pattern for beauty's sake and pulls it down to earth.
      <br />
      <span>
         â€” Marston Morse, American mathematician 
      </span>
    </p>
  </div>
</section>
`;
